{
  "product": [
    {
      "id": "regex:.+",
      "title": "Клубника",
      "price": 55,
      "category_id":"9b8af09b-4dee-41a6-b608-819f4978958e"
    }
  ],
  "category": [
    {
      "id": "824c60d2-6c72-4822-9adf-a7e3b53938b8",
      "title": "Овощи"
    },
    {
      "id": "9b8af09b-4dee-41a6-b608-819f4978958e",
      "title": "Фрукты"
    }
  ]
}